// Jest Snapshot v1, https://goo.gl/fbAQLP

exports[`Test Button component should render correctly 1`] = `ShallowWrapper {}`;
